// Jest Snapshot v1, https://goo.gl/fbAQLP

exports[`<ErrorBoundary /> renders the component 1`] = `""`;
